{
    "test from fna and dereplication": {
        "content": [
            41,
            {
                "CLUSTER_PLOT": {
                    "python": "3.12.13",
                    "pandas": "2.3.3",
                    "numpy": "1.26.4",
                    "plotly": "5.24.1",
                    "scipy": "1.17.1"
                },
                "CLUSTER_STAT": {
                    "python": "3.12.13",
                    "pandas": "2.3.3",
                    "numpy": "1.26.4"
                },
                "FORMAT_INPUT_GENOMES": {
                    "python": "3.12.13"
                },
                "GATHER_PANGENOME_INFO": {
                    "python": "3.12.13"
                },
                "GENOME_SELECTION_FROM_TREE": {
                    "python": "3.13.0",
                    "treeswift": null
                },
                "MASH_DIST_TO_PHYLIP": {
                    "mash": 2.3,
                    "numpy": "2.1.3"
                },
                "MASH_SKETCH": {
                    "mash": 2.3
                },
                "MASH_SKETCH_GENOMES": {
                    "mash": 2.3
                },
                "MD5SUM_ON_FILES": {
                    "md5sum": 8.3
                },
                "PARSE_GENOMES_AND_TAXONOMY": {
                    "python": "3.12.13"
                },
                "PPANGGOLIN_ALL_SMALL": {
                    "ppanggolin": "2.3.0"
                },
                "PPANGGOLIN_FASTA": {
                    "ppanggolin": "2.3.0"
                },
                "QUICKTREE": {
                    "quicktree": 2.5
                },
                "SEQFU_STATS_FROM_FILE": {
                    "seqfu": "1.22.3"
                },
                "SORT_GENOMES": {
                    "python": "3.12.13",
                    "pandas": "2.3.3"
                },
                "SUMMARIZE_GENOME_STATS": {
                    "python": "3.12.13"
                },
                "Workflow": {
                    "labgem/pangbank": "v0.0.3"
                }
            },
            [
                "genome_dereplication",
                "genome_dereplication/plots",
                "genome_dereplication/plots/distance_box_plot.html",
                "genome_dereplication/plots/mash_distance_density_plot_lines.html",
                "genome_dereplication/plots/mash_distance_density_plot_sp_row.html",
                "genome_dereplication/plots/s__Chlamydia_trachomatis_cluster_distances_density_plot.html",
                "genome_dereplication/plots/s__Mycoplasmoides_pneumoniae_cluster_distances_density_plot.html",
                "genome_dereplication/s__Borrelia_miyamotoi",
                "genome_dereplication/s__Borrelia_miyamotoi/cluster_stat.tsv",
                "genome_dereplication/s__Borrelia_miyamotoi/distance_count.tsv",
                "genome_dereplication/s__Borrelia_miyamotoi/genome_stat.tsv",
                "genome_dereplication/s__Borrelia_miyamotoi/summary_selection.tsv",
                "genome_dereplication/s__Chlamydia_trachomatis",
                "genome_dereplication/s__Chlamydia_trachomatis/cluster_stat.tsv",
                "genome_dereplication/s__Chlamydia_trachomatis/distance_count.tsv",
                "genome_dereplication/s__Chlamydia_trachomatis/genome_stat.tsv",
                "genome_dereplication/s__Chlamydia_trachomatis/summary_selection.tsv",
                "genome_dereplication/s__Mycoplasmoides_pneumoniae",
                "genome_dereplication/s__Mycoplasmoides_pneumoniae/cluster_stat.tsv",
                "genome_dereplication/s__Mycoplasmoides_pneumoniae/distance_count.tsv",
                "genome_dereplication/s__Mycoplasmoides_pneumoniae/genome_stat.tsv",
                "genome_dereplication/s__Mycoplasmoides_pneumoniae/summary_selection.tsv",
                "input_genomes",
                "input_genomes/s__Borrelia_miyamotoi.tsv.gz",
                "input_genomes/s__Chlamydia_trachomatis.tsv.gz",
                "input_genomes/s__Mycoplasmoides_pneumoniae.tsv.gz",
                "mash_sketch",
                "mash_sketch/families_persistent_all.msh",
                "multiqc",
                "multiqc/multiqc_data",
                "multiqc/multiqc_data/llms-full.txt",
                "multiqc/multiqc_data/multiqc.log",
                "multiqc/multiqc_data/multiqc.parquet",
                "multiqc/multiqc_data/multiqc_citations.txt",
                "multiqc/multiqc_data/multiqc_data.json",
                "multiqc/multiqc_data/multiqc_general_stats.txt",
                "multiqc/multiqc_data/multiqc_genomes_dereplicated_bargraph.txt",
                "multiqc/multiqc_data/multiqc_module_count_bargraph.txt",
                "multiqc/multiqc_data/multiqc_partition_bargraph.txt",
                "multiqc/multiqc_data/multiqc_software_versions.txt",
                "multiqc/multiqc_data/multiqc_sources.txt",
                "multiqc/multiqc_data/multiqc_spot_count_bargraph.txt",
                "multiqc/multiqc_plots",
                "multiqc/multiqc_plots/pdf",
                "multiqc/multiqc_plots/pdf/genomes_dereplicated_bargraph-cnt.pdf",
                "multiqc/multiqc_plots/pdf/genomes_dereplicated_bargraph-pct.pdf",
                "multiqc/multiqc_plots/pdf/module_count_bargraph-cnt.pdf",
                "multiqc/multiqc_plots/pdf/module_count_bargraph-pct.pdf",
                "multiqc/multiqc_plots/pdf/partition_bargraph-cnt.pdf",
                "multiqc/multiqc_plots/pdf/partition_bargraph-pct.pdf",
                "multiqc/multiqc_plots/pdf/spot_count_bargraph-cnt.pdf",
                "multiqc/multiqc_plots/pdf/spot_count_bargraph-pct.pdf",
                "multiqc/multiqc_plots/png",
                "multiqc/multiqc_plots/png/genomes_dereplicated_bargraph-cnt.png",
                "multiqc/multiqc_plots/png/genomes_dereplicated_bargraph-pct.png",
                "multiqc/multiqc_plots/png/module_count_bargraph-cnt.png",
                "multiqc/multiqc_plots/png/module_count_bargraph-pct.png",
                "multiqc/multiqc_plots/png/partition_bargraph-cnt.png",
                "multiqc/multiqc_plots/png/partition_bargraph-pct.png",
                "multiqc/multiqc_plots/png/spot_count_bargraph-cnt.png",
                "multiqc/multiqc_plots/png/spot_count_bargraph-pct.png",
                "multiqc/multiqc_plots/svg",
                "multiqc/multiqc_plots/svg/genomes_dereplicated_bargraph-cnt.svg",
                "multiqc/multiqc_plots/svg/genomes_dereplicated_bargraph-pct.svg",
                "multiqc/multiqc_plots/svg/module_count_bargraph-cnt.svg",
                "multiqc/multiqc_plots/svg/module_count_bargraph-pct.svg",
                "multiqc/multiqc_plots/svg/partition_bargraph-cnt.svg",
                "multiqc/multiqc_plots/svg/partition_bargraph-pct.svg",
                "multiqc/multiqc_plots/svg/spot_count_bargraph-cnt.svg",
                "multiqc/multiqc_plots/svg/spot_count_bargraph-pct.svg",
                "multiqc/multiqc_report.html",
                "pangenome_summary.tsv",
                "pangenomes",
                "pangenomes/s__Borrelia_miyamotoi",
                "pangenomes/s__Borrelia_miyamotoi/Ushaped_plot.html",
                "pangenomes/s__Borrelia_miyamotoi/all_protein_families.faa.gz",
                "pangenomes/s__Borrelia_miyamotoi/genomes_md5sum.tsv.gz",
                "pangenomes/s__Borrelia_miyamotoi/genomes_statistics.tsv.gz",
                "pangenomes/s__Borrelia_miyamotoi/genomes_statistics_summary.yaml",
                "pangenomes/s__Borrelia_miyamotoi/info.yaml",
                "pangenomes/s__Borrelia_miyamotoi/input_genomes.tsv.gz",
                "pangenomes/s__Borrelia_miyamotoi/pangenome.h5",
                "pangenomes/s__Borrelia_miyamotoi/persistent_nucleotide_families.fasta.gz",
                "pangenomes/s__Borrelia_miyamotoi/proksee",
                "pangenomes/s__Borrelia_miyamotoi/proksee/GCF_009734065.1.json.gz",
                "pangenomes/s__Borrelia_miyamotoi/proksee/GCF_019668505.1.json.gz",
                "pangenomes/s__Borrelia_miyamotoi/proksee/GCF_019668565.1.json.gz",
                "pangenomes/s__Borrelia_miyamotoi/proksee/GCF_019668625.1.json.gz",
                "pangenomes/s__Borrelia_miyamotoi/proksee/GCF_019668645.1.json.gz",
                "pangenomes/s__Borrelia_miyamotoi/proksee/GCF_019668665.1.json.gz",
                "pangenomes/s__Borrelia_miyamotoi/proksee/GCF_019668685.1.json.gz",
                "pangenomes/s__Borrelia_miyamotoi/proksee/GCF_019668705.1.json.gz",
                "pangenomes/s__Borrelia_miyamotoi/proksee/GCF_019668925.1.json.gz",
                "pangenomes/s__Borrelia_miyamotoi/proksee/GCF_019669025.1.json.gz",
                "pangenomes/s__Borrelia_miyamotoi/tile_plot.html",
                "pangenomes/s__Chlamydia_trachomatis",
                "pangenomes/s__Chlamydia_trachomatis/Ushaped_plot.html",
                "pangenomes/s__Chlamydia_trachomatis/all_protein_families.faa.gz",
                "pangenomes/s__Chlamydia_trachomatis/genomes_md5sum.tsv.gz",
                "pangenomes/s__Chlamydia_trachomatis/genomes_statistics.tsv.gz",
                "pangenomes/s__Chlamydia_trachomatis/genomes_statistics_summary.yaml",
                "pangenomes/s__Chlamydia_trachomatis/info.yaml",
                "pangenomes/s__Chlamydia_trachomatis/input_genomes.tsv.gz",
                "pangenomes/s__Chlamydia_trachomatis/pangenome.h5",
                "pangenomes/s__Chlamydia_trachomatis/persistent_nucleotide_families.fasta.gz",
                "pangenomes/s__Chlamydia_trachomatis/proksee",
                "pangenomes/s__Chlamydia_trachomatis/proksee/GCF_000068585.1.json.gz",
                "pangenomes/s__Chlamydia_trachomatis/proksee/GCF_000220105.1.json.gz",
                "pangenomes/s__Chlamydia_trachomatis/proksee/GCF_000318825.1.json.gz",
                "pangenomes/s__Chlamydia_trachomatis/proksee/GCF_000318885.1.json.gz",
                "pangenomes/s__Chlamydia_trachomatis/proksee/GCF_000441655.1.json.gz",
                "pangenomes/s__Chlamydia_trachomatis/proksee/GCF_000441675.1.json.gz",
                "pangenomes/s__Chlamydia_trachomatis/proksee/GCF_000441755.1.json.gz",
                "pangenomes/s__Chlamydia_trachomatis/proksee/GCF_000441795.1.json.gz",
                "pangenomes/s__Chlamydia_trachomatis/proksee/GCF_000441815.1.json.gz",
                "pangenomes/s__Chlamydia_trachomatis/proksee/GCF_002192615.1.json.gz",
                "pangenomes/s__Chlamydia_trachomatis/tile_plot.html",
                "pangenomes/s__Mycoplasmoides_pneumoniae",
                "pangenomes/s__Mycoplasmoides_pneumoniae/Ushaped_plot.html",
                "pangenomes/s__Mycoplasmoides_pneumoniae/all_protein_families.faa.gz",
                "pangenomes/s__Mycoplasmoides_pneumoniae/genomes_md5sum.tsv.gz",
                "pangenomes/s__Mycoplasmoides_pneumoniae/genomes_statistics.tsv.gz",
                "pangenomes/s__Mycoplasmoides_pneumoniae/genomes_statistics_summary.yaml",
                "pangenomes/s__Mycoplasmoides_pneumoniae/info.yaml",
                "pangenomes/s__Mycoplasmoides_pneumoniae/input_genomes.tsv.gz",
                "pangenomes/s__Mycoplasmoides_pneumoniae/pangenome.h5",
                "pangenomes/s__Mycoplasmoides_pneumoniae/persistent_nucleotide_families.fasta.gz",
                "pangenomes/s__Mycoplasmoides_pneumoniae/proksee",
                "pangenomes/s__Mycoplasmoides_pneumoniae/proksee/GCF_001296735.1.json.gz",
                "pangenomes/s__Mycoplasmoides_pneumoniae/proksee/GCF_002128085.1.json.gz",
                "pangenomes/s__Mycoplasmoides_pneumoniae/proksee/GCF_009810495.1.json.gz",
                "pangenomes/s__Mycoplasmoides_pneumoniae/proksee/GCF_009810955.1.json.gz",
                "pangenomes/s__Mycoplasmoides_pneumoniae/proksee/GCF_009939845.1.json.gz",
                "pangenomes/s__Mycoplasmoides_pneumoniae/proksee/GCF_009942155.1.json.gz",
                "pangenomes/s__Mycoplasmoides_pneumoniae/proksee/GCF_030159415.1.json.gz",
                "pangenomes/s__Mycoplasmoides_pneumoniae/proksee/GCF_030923435.1.json.gz",
                "pangenomes/s__Mycoplasmoides_pneumoniae/proksee/GCF_030923695.1.json.gz",
                "pangenomes/s__Mycoplasmoides_pneumoniae/proksee/GCF_030924815.1.json.gz",
                "pangenomes/s__Mycoplasmoides_pneumoniae/tile_plot.html",
                "pipeline_info",
                "pipeline_info/pangbank_software_mqc_versions.yml",
                "species_summary.tsv"
            ]
        ],
        "meta": {
            "nf-test": "0.9.2",
            "nextflow": "25.10.4"
        },
        "timestamp": "2026-04-01T09:53:11.159224097"
    },
    "test from gbff": {
        "content": [
            {
                "GATHER_PANGENOME_INFO": {
                    "python": "3.12.13"
                },
                "MASH_SKETCH": {
                    "mash": 2.3
                },
                "MD5SUM_ON_FILES": {
                    "md5sum": 8.3
                },
                "PARSE_GENOMES_AND_TAXONOMY": {
                    "python": "3.12.13"
                },
                "PPANGGOLIN_ALL_SMALL": {
                    "ppanggolin": "2.3.0"
                },
                "PPANGGOLIN_FASTA": {
                    "ppanggolin": "2.3.0"
                },
                "SUMMARIZE_GENOME_STATS": {
                    "python": "3.12.13"
                },
                "Workflow": {
                    "labgem/pangbank": "v0.0.3"
                }
            },
            [
                "input_genomes",
                "input_genomes/s__Borrelia_miyamotoi.tsv.gz",
                "input_genomes/s__Chlamydia_trachomatis.tsv.gz",
                "input_genomes/s__Mycoplasmoides_pneumoniae.tsv.gz",
                "mash_sketch",
                "mash_sketch/families_persistent_all.msh",
                "multiqc",
                "multiqc/multiqc_data",
                "multiqc/multiqc_data/llms-full.txt",
                "multiqc/multiqc_data/multiqc.log",
                "multiqc/multiqc_data/multiqc.parquet",
                "multiqc/multiqc_data/multiqc_citations.txt",
                "multiqc/multiqc_data/multiqc_data.json",
                "multiqc/multiqc_data/multiqc_general_stats.txt",
                "multiqc/multiqc_data/multiqc_module_count_bargraph.txt",
                "multiqc/multiqc_data/multiqc_partition_bargraph.txt",
                "multiqc/multiqc_data/multiqc_software_versions.txt",
                "multiqc/multiqc_data/multiqc_sources.txt",
                "multiqc/multiqc_data/multiqc_spot_count_bargraph.txt",
                "multiqc/multiqc_plots",
                "multiqc/multiqc_plots/pdf",
                "multiqc/multiqc_plots/pdf/module_count_bargraph-cnt.pdf",
                "multiqc/multiqc_plots/pdf/module_count_bargraph-pct.pdf",
                "multiqc/multiqc_plots/pdf/partition_bargraph-cnt.pdf",
                "multiqc/multiqc_plots/pdf/partition_bargraph-pct.pdf",
                "multiqc/multiqc_plots/pdf/spot_count_bargraph-cnt.pdf",
                "multiqc/multiqc_plots/pdf/spot_count_bargraph-pct.pdf",
                "multiqc/multiqc_plots/png",
                "multiqc/multiqc_plots/png/module_count_bargraph-cnt.png",
                "multiqc/multiqc_plots/png/module_count_bargraph-pct.png",
                "multiqc/multiqc_plots/png/partition_bargraph-cnt.png",
                "multiqc/multiqc_plots/png/partition_bargraph-pct.png",
                "multiqc/multiqc_plots/png/spot_count_bargraph-cnt.png",
                "multiqc/multiqc_plots/png/spot_count_bargraph-pct.png",
                "multiqc/multiqc_plots/svg",
                "multiqc/multiqc_plots/svg/module_count_bargraph-cnt.svg",
                "multiqc/multiqc_plots/svg/module_count_bargraph-pct.svg",
                "multiqc/multiqc_plots/svg/partition_bargraph-cnt.svg",
                "multiqc/multiqc_plots/svg/partition_bargraph-pct.svg",
                "multiqc/multiqc_plots/svg/spot_count_bargraph-cnt.svg",
                "multiqc/multiqc_plots/svg/spot_count_bargraph-pct.svg",
                "multiqc/multiqc_report.html",
                "pangenome_summary.tsv",
                "pangenomes",
                "pangenomes/s__Borrelia_miyamotoi",
                "pangenomes/s__Borrelia_miyamotoi/Ushaped_plot.html",
                "pangenomes/s__Borrelia_miyamotoi/all_protein_families.faa.gz",
                "pangenomes/s__Borrelia_miyamotoi/genomes_md5sum.tsv.gz",
                "pangenomes/s__Borrelia_miyamotoi/genomes_statistics.tsv.gz",
                "pangenomes/s__Borrelia_miyamotoi/genomes_statistics_summary.yaml",
                "pangenomes/s__Borrelia_miyamotoi/info.yaml",
                "pangenomes/s__Borrelia_miyamotoi/input_genomes.tsv.gz",
                "pangenomes/s__Borrelia_miyamotoi/metadata",
                "pangenomes/s__Borrelia_miyamotoi/metadata/genomes_metadata_from_annotation_file.tsv.gz",
                "pangenomes/s__Borrelia_miyamotoi/pangenome.h5",
                "pangenomes/s__Borrelia_miyamotoi/persistent_nucleotide_families.fasta.gz",
                "pangenomes/s__Borrelia_miyamotoi/proksee",
                "pangenomes/s__Borrelia_miyamotoi/proksee/GCF_009734045.1.json.gz",
                "pangenomes/s__Borrelia_miyamotoi/proksee/GCF_009734065.1.json.gz",
                "pangenomes/s__Borrelia_miyamotoi/proksee/GCF_019668505.1.json.gz",
                "pangenomes/s__Borrelia_miyamotoi/proksee/GCF_019668545.1.json.gz",
                "pangenomes/s__Borrelia_miyamotoi/proksee/GCF_019668565.1.json.gz",
                "pangenomes/s__Borrelia_miyamotoi/proksee/GCF_019668585.1.json.gz",
                "pangenomes/s__Borrelia_miyamotoi/proksee/GCF_019668625.1.json.gz",
                "pangenomes/s__Borrelia_miyamotoi/proksee/GCF_019668645.1.json.gz",
                "pangenomes/s__Borrelia_miyamotoi/proksee/GCF_019668665.1.json.gz",
                "pangenomes/s__Borrelia_miyamotoi/proksee/GCF_019668685.1.json.gz",
                "pangenomes/s__Borrelia_miyamotoi/proksee/GCF_019668705.1.json.gz",
                "pangenomes/s__Borrelia_miyamotoi/proksee/GCF_019668825.1.json.gz",
                "pangenomes/s__Borrelia_miyamotoi/proksee/GCF_019668925.1.json.gz",
                "pangenomes/s__Borrelia_miyamotoi/proksee/GCF_019669005.1.json.gz",
                "pangenomes/s__Borrelia_miyamotoi/proksee/GCF_019669025.1.json.gz",
                "pangenomes/s__Borrelia_miyamotoi/tile_plot.html",
                "pangenomes/s__Chlamydia_trachomatis",
                "pangenomes/s__Chlamydia_trachomatis/Ushaped_plot.html",
                "pangenomes/s__Chlamydia_trachomatis/all_protein_families.faa.gz",
                "pangenomes/s__Chlamydia_trachomatis/genomes_md5sum.tsv.gz",
                "pangenomes/s__Chlamydia_trachomatis/genomes_statistics.tsv.gz",
                "pangenomes/s__Chlamydia_trachomatis/genomes_statistics_summary.yaml",
                "pangenomes/s__Chlamydia_trachomatis/info.yaml",
                "pangenomes/s__Chlamydia_trachomatis/input_genomes.tsv.gz",
                "pangenomes/s__Chlamydia_trachomatis/metadata",
                "pangenomes/s__Chlamydia_trachomatis/metadata/contigs_metadata_from_annotation_file.tsv.gz",
                "pangenomes/s__Chlamydia_trachomatis/metadata/genomes_metadata_from_annotation_file.tsv.gz",
                "pangenomes/s__Chlamydia_trachomatis/pangenome.h5",
                "pangenomes/s__Chlamydia_trachomatis/persistent_nucleotide_families.fasta.gz",
                "pangenomes/s__Chlamydia_trachomatis/proksee",
                "pangenomes/s__Chlamydia_trachomatis/proksee/GCF_000068525.2.json.gz",
                "pangenomes/s__Chlamydia_trachomatis/proksee/GCF_000068585.1.json.gz",
                "pangenomes/s__Chlamydia_trachomatis/proksee/GCF_000220105.1.json.gz",
                "pangenomes/s__Chlamydia_trachomatis/proksee/GCF_000318825.1.json.gz",
                "pangenomes/s__Chlamydia_trachomatis/proksee/GCF_000318885.1.json.gz",
                "pangenomes/s__Chlamydia_trachomatis/proksee/GCF_000441615.1.json.gz",
                "pangenomes/s__Chlamydia_trachomatis/proksee/GCF_000441655.1.json.gz",
                "pangenomes/s__Chlamydia_trachomatis/proksee/GCF_000441675.1.json.gz",
                "pangenomes/s__Chlamydia_trachomatis/proksee/GCF_000441755.1.json.gz",
                "pangenomes/s__Chlamydia_trachomatis/proksee/GCF_000441795.1.json.gz",
                "pangenomes/s__Chlamydia_trachomatis/proksee/GCF_000441815.1.json.gz",
                "pangenomes/s__Chlamydia_trachomatis/proksee/GCF_000472205.1.json.gz",
                "pangenomes/s__Chlamydia_trachomatis/proksee/GCF_000472225.1.json.gz",
                "pangenomes/s__Chlamydia_trachomatis/proksee/GCF_001885175.1.json.gz",
                "pangenomes/s__Chlamydia_trachomatis/proksee/GCF_002192615.1.json.gz",
                "pangenomes/s__Chlamydia_trachomatis/tile_plot.html",
                "pangenomes/s__Mycoplasmoides_pneumoniae",
                "pangenomes/s__Mycoplasmoides_pneumoniae/Ushaped_plot.html",
                "pangenomes/s__Mycoplasmoides_pneumoniae/all_protein_families.faa.gz",
                "pangenomes/s__Mycoplasmoides_pneumoniae/genomes_md5sum.tsv.gz",
                "pangenomes/s__Mycoplasmoides_pneumoniae/genomes_statistics.tsv.gz",
                "pangenomes/s__Mycoplasmoides_pneumoniae/genomes_statistics_summary.yaml",
                "pangenomes/s__Mycoplasmoides_pneumoniae/info.yaml",
                "pangenomes/s__Mycoplasmoides_pneumoniae/input_genomes.tsv.gz",
                "pangenomes/s__Mycoplasmoides_pneumoniae/metadata",
                "pangenomes/s__Mycoplasmoides_pneumoniae/metadata/contigs_metadata_from_annotation_file.tsv.gz",
                "pangenomes/s__Mycoplasmoides_pneumoniae/metadata/genomes_metadata_from_annotation_file.tsv.gz",
                "pangenomes/s__Mycoplasmoides_pneumoniae/pangenome.h5",
                "pangenomes/s__Mycoplasmoides_pneumoniae/persistent_nucleotide_families.fasta.gz",
                "pangenomes/s__Mycoplasmoides_pneumoniae/proksee",
                "pangenomes/s__Mycoplasmoides_pneumoniae/proksee/GCF_001296735.1.json.gz",
                "pangenomes/s__Mycoplasmoides_pneumoniae/proksee/GCF_002128085.1.json.gz",
                "pangenomes/s__Mycoplasmoides_pneumoniae/proksee/GCF_009810495.1.json.gz",
                "pangenomes/s__Mycoplasmoides_pneumoniae/proksee/GCF_009810955.1.json.gz",
                "pangenomes/s__Mycoplasmoides_pneumoniae/proksee/GCF_009939845.1.json.gz",
                "pangenomes/s__Mycoplasmoides_pneumoniae/proksee/GCF_009942155.1.json.gz",
                "pangenomes/s__Mycoplasmoides_pneumoniae/proksee/GCF_009942395.1.json.gz",
                "pangenomes/s__Mycoplasmoides_pneumoniae/proksee/GCF_030159415.1.json.gz",
                "pangenomes/s__Mycoplasmoides_pneumoniae/proksee/GCF_030923435.1.json.gz",
                "pangenomes/s__Mycoplasmoides_pneumoniae/proksee/GCF_030923695.1.json.gz",
                "pangenomes/s__Mycoplasmoides_pneumoniae/proksee/GCF_030924475.1.json.gz",
                "pangenomes/s__Mycoplasmoides_pneumoniae/proksee/GCF_030924655.1.json.gz",
                "pangenomes/s__Mycoplasmoides_pneumoniae/proksee/GCF_030924755.1.json.gz",
                "pangenomes/s__Mycoplasmoides_pneumoniae/proksee/GCF_030924815.1.json.gz",
                "pangenomes/s__Mycoplasmoides_pneumoniae/proksee/GCF_030925355.1.json.gz",
                "pangenomes/s__Mycoplasmoides_pneumoniae/tile_plot.html",
                "pipeline_info",
                "pipeline_info/pangbank_software_mqc_versions.yml",
                "species_summary.tsv"
            ]
        ],
        "meta": {
            "nf-test": "0.9.2",
            "nextflow": "25.10.4"
        },
        "timestamp": "2026-04-01T09:49:48.124562917"
    },
    "test from fna": {
        "content": [
            16,
            {
                "GATHER_PANGENOME_INFO": {
                    "python": "3.12.13"
                },
                "MASH_SKETCH": {
                    "mash": 2.3
                },
                "MD5SUM_ON_FILES": {
                    "md5sum": 8.3
                },
                "PARSE_GENOMES_AND_TAXONOMY": {
                    "python": "3.12.13"
                },
                "PPANGGOLIN_ALL_SMALL": {
                    "ppanggolin": "2.3.0"
                },
                "PPANGGOLIN_FASTA": {
                    "ppanggolin": "2.3.0"
                },
                "SUMMARIZE_GENOME_STATS": {
                    "python": "3.12.13"
                },
                "Workflow": {
                    "labgem/pangbank": "v0.0.3"
                }
            },
            [
                "input_genomes",
                "input_genomes/s__Borrelia_miyamotoi.tsv.gz",
                "input_genomes/s__Chlamydia_trachomatis.tsv.gz",
                "input_genomes/s__Mycoplasmoides_pneumoniae.tsv.gz",
                "mash_sketch",
                "mash_sketch/families_persistent_all.msh",
                "multiqc",
                "multiqc/multiqc_data",
                "multiqc/multiqc_data/llms-full.txt",
                "multiqc/multiqc_data/multiqc.log",
                "multiqc/multiqc_data/multiqc.parquet",
                "multiqc/multiqc_data/multiqc_citations.txt",
                "multiqc/multiqc_data/multiqc_data.json",
                "multiqc/multiqc_data/multiqc_general_stats.txt",
                "multiqc/multiqc_data/multiqc_module_count_bargraph.txt",
                "multiqc/multiqc_data/multiqc_partition_bargraph.txt",
                "multiqc/multiqc_data/multiqc_software_versions.txt",
                "multiqc/multiqc_data/multiqc_sources.txt",
                "multiqc/multiqc_data/multiqc_spot_count_bargraph.txt",
                "multiqc/multiqc_plots",
                "multiqc/multiqc_plots/pdf",
                "multiqc/multiqc_plots/pdf/module_count_bargraph-cnt.pdf",
                "multiqc/multiqc_plots/pdf/module_count_bargraph-pct.pdf",
                "multiqc/multiqc_plots/pdf/partition_bargraph-cnt.pdf",
                "multiqc/multiqc_plots/pdf/partition_bargraph-pct.pdf",
                "multiqc/multiqc_plots/pdf/spot_count_bargraph-cnt.pdf",
                "multiqc/multiqc_plots/pdf/spot_count_bargraph-pct.pdf",
                "multiqc/multiqc_plots/png",
                "multiqc/multiqc_plots/png/module_count_bargraph-cnt.png",
                "multiqc/multiqc_plots/png/module_count_bargraph-pct.png",
                "multiqc/multiqc_plots/png/partition_bargraph-cnt.png",
                "multiqc/multiqc_plots/png/partition_bargraph-pct.png",
                "multiqc/multiqc_plots/png/spot_count_bargraph-cnt.png",
                "multiqc/multiqc_plots/png/spot_count_bargraph-pct.png",
                "multiqc/multiqc_plots/svg",
                "multiqc/multiqc_plots/svg/module_count_bargraph-cnt.svg",
                "multiqc/multiqc_plots/svg/module_count_bargraph-pct.svg",
                "multiqc/multiqc_plots/svg/partition_bargraph-cnt.svg",
                "multiqc/multiqc_plots/svg/partition_bargraph-pct.svg",
                "multiqc/multiqc_plots/svg/spot_count_bargraph-cnt.svg",
                "multiqc/multiqc_plots/svg/spot_count_bargraph-pct.svg",
                "multiqc/multiqc_report.html",
                "pangenome_summary.tsv",
                "pangenomes",
                "pangenomes/s__Borrelia_miyamotoi",
                "pangenomes/s__Borrelia_miyamotoi/Ushaped_plot.html",
                "pangenomes/s__Borrelia_miyamotoi/all_protein_families.faa.gz",
                "pangenomes/s__Borrelia_miyamotoi/genomes_md5sum.tsv.gz",
                "pangenomes/s__Borrelia_miyamotoi/genomes_statistics.tsv.gz",
                "pangenomes/s__Borrelia_miyamotoi/genomes_statistics_summary.yaml",
                "pangenomes/s__Borrelia_miyamotoi/info.yaml",
                "pangenomes/s__Borrelia_miyamotoi/input_genomes.tsv.gz",
                "pangenomes/s__Borrelia_miyamotoi/pangenome.h5",
                "pangenomes/s__Borrelia_miyamotoi/persistent_nucleotide_families.fasta.gz",
                "pangenomes/s__Borrelia_miyamotoi/proksee",
                "pangenomes/s__Borrelia_miyamotoi/proksee/GCF_009734045.1.json.gz",
                "pangenomes/s__Borrelia_miyamotoi/proksee/GCF_009734065.1.json.gz",
                "pangenomes/s__Borrelia_miyamotoi/proksee/GCF_019668505.1.json.gz",
                "pangenomes/s__Borrelia_miyamotoi/proksee/GCF_019668545.1.json.gz",
                "pangenomes/s__Borrelia_miyamotoi/proksee/GCF_019668565.1.json.gz",
                "pangenomes/s__Borrelia_miyamotoi/proksee/GCF_019668585.1.json.gz",
                "pangenomes/s__Borrelia_miyamotoi/proksee/GCF_019668625.1.json.gz",
                "pangenomes/s__Borrelia_miyamotoi/proksee/GCF_019668645.1.json.gz",
                "pangenomes/s__Borrelia_miyamotoi/proksee/GCF_019668665.1.json.gz",
                "pangenomes/s__Borrelia_miyamotoi/proksee/GCF_019668685.1.json.gz",
                "pangenomes/s__Borrelia_miyamotoi/proksee/GCF_019668705.1.json.gz",
                "pangenomes/s__Borrelia_miyamotoi/proksee/GCF_019668825.1.json.gz",
                "pangenomes/s__Borrelia_miyamotoi/proksee/GCF_019668925.1.json.gz",
                "pangenomes/s__Borrelia_miyamotoi/proksee/GCF_019669005.1.json.gz",
                "pangenomes/s__Borrelia_miyamotoi/proksee/GCF_019669025.1.json.gz",
                "pangenomes/s__Borrelia_miyamotoi/tile_plot.html",
                "pangenomes/s__Chlamydia_trachomatis",
                "pangenomes/s__Chlamydia_trachomatis/Ushaped_plot.html",
                "pangenomes/s__Chlamydia_trachomatis/all_protein_families.faa.gz",
                "pangenomes/s__Chlamydia_trachomatis/genomes_md5sum.tsv.gz",
                "pangenomes/s__Chlamydia_trachomatis/genomes_statistics.tsv.gz",
                "pangenomes/s__Chlamydia_trachomatis/genomes_statistics_summary.yaml",
                "pangenomes/s__Chlamydia_trachomatis/info.yaml",
                "pangenomes/s__Chlamydia_trachomatis/input_genomes.tsv.gz",
                "pangenomes/s__Chlamydia_trachomatis/pangenome.h5",
                "pangenomes/s__Chlamydia_trachomatis/persistent_nucleotide_families.fasta.gz",
                "pangenomes/s__Chlamydia_trachomatis/proksee",
                "pangenomes/s__Chlamydia_trachomatis/proksee/GCF_000068525.2.json.gz",
                "pangenomes/s__Chlamydia_trachomatis/proksee/GCF_000068585.1.json.gz",
                "pangenomes/s__Chlamydia_trachomatis/proksee/GCF_000220105.1.json.gz",
                "pangenomes/s__Chlamydia_trachomatis/proksee/GCF_000318825.1.json.gz",
                "pangenomes/s__Chlamydia_trachomatis/proksee/GCF_000318885.1.json.gz",
                "pangenomes/s__Chlamydia_trachomatis/proksee/GCF_000441615.1.json.gz",
                "pangenomes/s__Chlamydia_trachomatis/proksee/GCF_000441655.1.json.gz",
                "pangenomes/s__Chlamydia_trachomatis/proksee/GCF_000441675.1.json.gz",
                "pangenomes/s__Chlamydia_trachomatis/proksee/GCF_000441755.1.json.gz",
                "pangenomes/s__Chlamydia_trachomatis/proksee/GCF_000441795.1.json.gz",
                "pangenomes/s__Chlamydia_trachomatis/proksee/GCF_000441815.1.json.gz",
                "pangenomes/s__Chlamydia_trachomatis/proksee/GCF_000472205.1.json.gz",
                "pangenomes/s__Chlamydia_trachomatis/proksee/GCF_000472225.1.json.gz",
                "pangenomes/s__Chlamydia_trachomatis/proksee/GCF_001885175.1.json.gz",
                "pangenomes/s__Chlamydia_trachomatis/proksee/GCF_002192615.1.json.gz",
                "pangenomes/s__Chlamydia_trachomatis/tile_plot.html",
                "pangenomes/s__Mycoplasmoides_pneumoniae",
                "pangenomes/s__Mycoplasmoides_pneumoniae/Ushaped_plot.html",
                "pangenomes/s__Mycoplasmoides_pneumoniae/all_protein_families.faa.gz",
                "pangenomes/s__Mycoplasmoides_pneumoniae/genomes_md5sum.tsv.gz",
                "pangenomes/s__Mycoplasmoides_pneumoniae/genomes_statistics.tsv.gz",
                "pangenomes/s__Mycoplasmoides_pneumoniae/genomes_statistics_summary.yaml",
                "pangenomes/s__Mycoplasmoides_pneumoniae/info.yaml",
                "pangenomes/s__Mycoplasmoides_pneumoniae/input_genomes.tsv.gz",
                "pangenomes/s__Mycoplasmoides_pneumoniae/pangenome.h5",
                "pangenomes/s__Mycoplasmoides_pneumoniae/persistent_nucleotide_families.fasta.gz",
                "pangenomes/s__Mycoplasmoides_pneumoniae/proksee",
                "pangenomes/s__Mycoplasmoides_pneumoniae/proksee/GCF_001296735.1.json.gz",
                "pangenomes/s__Mycoplasmoides_pneumoniae/proksee/GCF_002128085.1.json.gz",
                "pangenomes/s__Mycoplasmoides_pneumoniae/proksee/GCF_009810495.1.json.gz",
                "pangenomes/s__Mycoplasmoides_pneumoniae/proksee/GCF_009810955.1.json.gz",
                "pangenomes/s__Mycoplasmoides_pneumoniae/proksee/GCF_009939845.1.json.gz",
                "pangenomes/s__Mycoplasmoides_pneumoniae/proksee/GCF_009942155.1.json.gz",
                "pangenomes/s__Mycoplasmoides_pneumoniae/proksee/GCF_009942395.1.json.gz",
                "pangenomes/s__Mycoplasmoides_pneumoniae/proksee/GCF_030159415.1.json.gz",
                "pangenomes/s__Mycoplasmoides_pneumoniae/proksee/GCF_030923435.1.json.gz",
                "pangenomes/s__Mycoplasmoides_pneumoniae/proksee/GCF_030923695.1.json.gz",
                "pangenomes/s__Mycoplasmoides_pneumoniae/proksee/GCF_030924475.1.json.gz",
                "pangenomes/s__Mycoplasmoides_pneumoniae/proksee/GCF_030924655.1.json.gz",
                "pangenomes/s__Mycoplasmoides_pneumoniae/proksee/GCF_030924755.1.json.gz",
                "pangenomes/s__Mycoplasmoides_pneumoniae/proksee/GCF_030924815.1.json.gz",
                "pangenomes/s__Mycoplasmoides_pneumoniae/proksee/GCF_030925355.1.json.gz",
                "pangenomes/s__Mycoplasmoides_pneumoniae/tile_plot.html",
                "pipeline_info",
                "pipeline_info/pangbank_software_mqc_versions.yml",
                "species_summary.tsv"
            ]
        ],
        "meta": {
            "nf-test": "0.9.2",
            "nextflow": "25.10.4"
        },
        "timestamp": "2026-04-01T09:51:42.701923806"
    }
}